// Jest Snapshot v1, https://goo.gl/fbAQLP

exports[`enum generation: Role 1`] = `
"
enum Role {
  ADMIN
  USER
}
"
`;

exports[`model generation: model 1`] = `
"type User {
  id: Int
  createdAt: Float
  updatedAt: Float
  email: String
  name: String
  posts: [Post]
  profile: Profile
  role: Role
  rating: Float
  files: [Byte]
}

type Profile {
  id: Int
  bio: String
  user: User
  userId: Int
}

type Post {
  id: Int
  title: String
  content: String
  published: Boolean
  author: User
  authorId: Int
  categories: [Category]
}

type Category {
  id: Int
  name: String
  posts: [Post]
}

"
`;
